// Jest Snapshot v1, https://goo.gl/fbAQLP

exports[`It should render the not found page correctly 1`] = `
<div>
  ERROR 404-
  <Link
    to="/"
  >
    Go home
  </Link>
</div>
`;
